<?xml version="1.0" encoding="UTF-8"?>
<TestRun id="283be68d-d485-4f55-af97-001a67ea11fc" name="joe@AGH 2011-12-30 11:16:02" runUser="AGH\joe" xmlns="http://microsoft.com/schemas/VisualStudio/TeamTest/2010">
  <TestSettings name="Local" id="36fc17b3-80bb-4bac-91c8-b1d061f2206f">
    <Description>These are default test settings for a local test run.</Description>
    <Deployment userDeploymentRoot="C:\Users\joe\Documents\Visual Studio 2010\Projects\KPFF\TestResults" useDefaultDeploymentRoot="false" enabled="false" runDeploymentRoot="joe_AGH 2011-12-30 11_16_02">
      <DeploymentItem filename="C:\Users\joe\Documents\Visual Studio 2010\Projects\KPFF\KPFF.Business\bin\Debug\KPFF.Business.dll" />
      <DeploymentItem filename="C:\Users\joe\Documents\Visual Studio 2010\Projects\KPFF\KPFF.Entities\bin\Debug\KPFF.Entities.dll" />
    </Deployment>
    <Execution>
      <TestTypeSpecific />
      <AgentRule name="Execution Agents">
      </AgentRule>
    </Execution>
  </TestSettings>
  <Times creation="2011-12-30T11:16:02.5626736-08:00" queuing="2011-12-30T11:16:04.3497758-08:00" start="2011-12-30T11:16:04.6567933-08:00" finish="2011-12-30T11:16:42.5679617-08:00" />
  <ResultSummary outcome="Error">
    <Counters total="1" executed="1" error="0" failed="0" timeout="0" aborted="1" inconclusive="0" passedButRunAborted="0" notRunnable="0" notExecuted="0" disconnected="0" warning="0" passed="0" completed="0" inProgress="0" pending="0" />
    <RunInfos>
      <RunInfo computerName="AGH" outcome="Error" timestamp="2011-12-30T11:16:42.5659616-08:00">
        <Text>Test host process exited unexpectedly.</Text>
      </RunInfo>
    </RunInfos>
  </ResultSummary>
  <TestDefinitions>
    <UnitTest name="GetMark" storage="c:\users\joe\documents\visual studio 2010\projects\kpff\kpff.test\bin\debug\kpff.test.dll" id="ebb2877a-50b5-c812-3d8d-68e540813314">
      <Execution id="a2a89c3f-f98f-43a2-a94f-cf716de74284" />
      <TestMethod codeBase="C:/Users/joe/Documents/Visual Studio 2010/Projects/KPFF/KPFF.Test/bin/Debug/KPFF.Test.DLL" adapterTypeName="Microsoft.VisualStudio.TestTools.TestTypes.Unit.UnitTestAdapter, Microsoft.VisualStudio.QualityTools.Tips.UnitTest.Adapter, Version=10.0.0.0, Culture=neutral, PublicKeyToken=b03f5f7f11d50a3a" className="KPFF.Test.Employee, KPFF.Test, Version=1.0.0.0, Culture=neutral, PublicKeyToken=null" name="GetMark" />
    </UnitTest>
  </TestDefinitions>
  <TestLists>
    <TestList name="Results Not in a List" id="8c84fa94-04c1-424b-9868-57a2d4851a1d" />
    <TestList name="All Loaded Results" id="19431567-8539-422a-85d7-44ee4e166bda" />
  </TestLists>
  <TestEntries>
    <TestEntry testId="ebb2877a-50b5-c812-3d8d-68e540813314" executionId="a2a89c3f-f98f-43a2-a94f-cf716de74284" testListId="8c84fa94-04c1-424b-9868-57a2d4851a1d" />
  </TestEntries>
  <Results>
    <UnitTestResult executionId="a2a89c3f-f98f-43a2-a94f-cf716de74284" testId="ebb2877a-50b5-c812-3d8d-68e540813314" testName="GetMark" computerName="AGH" duration="00:00:37.7131570" startTime="2011-12-30T11:16:04.8548047-08:00" endTime="2011-12-30T11:16:42.5679617-08:00" testType="13cdc9d9-ddb5-4fa4-a97d-d965ccfc6d4b" outcome="Aborted" testListId="8c84fa94-04c1-424b-9868-57a2d4851a1d" relativeResultsDirectory="a2a89c3f-f98f-43a2-a94f-cf716de74284">
    </UnitTestResult>
  </Results>
</TestRun>